Nextflow 26.04.6 is available - Please consider updating your version to it
N E X T F L O W  ~  version 25.10.4
WARN: It appears you have never run this project before -- Option `-resume` is ignored
WARN: The command line option '-with-weblog' is deprecated - consider enabling this feature by setting 'weblog.enabled=true' in your configuration file
Launching `/media/volume/PGS-Server-Storage/pgscalcserver/apps/imputationserver2-pgs/2.0.12/main.nf` [focused_lalande] DSL2 - revision: b83a667434
Welcome to Cloudgene (v2.0.12)
[54/950421] Submitted process > ANCESTRY_ESTIMATION:PREPARE_TRACE
[15/8d3c14] Submitted process > PGS_CALCULATION:FILTER_BY_CATEGORY
[77/ab7466] Submitted process > INPUT_VALIDATION:INPUT_VALIDATION_VCF
[52/77f5d6] Submitted process > QUALITY_CONTROL:QUALITY_CONTROL_VCF
[6a/aaa72b] Submitted process > ANCESTRY_ESTIMATION:EXECUTE_TRACE (34)
[d9/2cad1f] Submitted process > ANCESTRY_ESTIMATION:EXECUTE_TRACE (14)
[01/aa5e26] Submitted process > ANCESTRY_ESTIMATION:EXECUTE_TRACE (11)
[b2/6c957e] Submitted process > ANCESTRY_ESTIMATION:EXECUTE_TRACE (16)
[62/d6f6fb] Submitted process > ANCESTRY_ESTIMATION:EXECUTE_TRACE (17)
[d9/2cad1f] NOTE: Process `ANCESTRY_ESTIMATION:EXECUTE_TRACE (14)` terminated with an error exit status (137) -- Execution is retried (1)
[b2/6c957e] NOTE: Process `ANCESTRY_ESTIMATION:EXECUTE_TRACE (16)` terminated with an error exit status (137) -- Execution is retried (1)
[d7/bb72aa] Submitted process > ANCESTRY_ESTIMATION:EXECUTE_TRACE (46)
[01/aa5e26] NOTE: Process `ANCESTRY_ESTIMATION:EXECUTE_TRACE (11)` terminated with an error exit status (137) -- Execution is retried (1)
[64/ae80d4] Submitted process > ANCESTRY_ESTIMATION:EXECUTE_TRACE (19)
[6a/aaa72b] NOTE: Process `ANCESTRY_ESTIMATION:EXECUTE_TRACE (34)` terminated with an error exit status (137) -- Execution is retried (1)
[e2/f537e5] Submitted process > ANCESTRY_ESTIMATION:EXECUTE_TRACE (8)
[62/d6f6fb] NOTE: Process `ANCESTRY_ESTIMATION:EXECUTE_TRACE (17)` terminated with an error exit status (137) -- Execution is retried (1)
[d8/068d5a] Submitted process > ANCESTRY_ESTIMATION:EXECUTE_TRACE (25)
[d7/bb72aa] NOTE: Process `ANCESTRY_ESTIMATION:EXECUTE_TRACE (46)` terminated with an error exit status (137) -- Execution is retried (1)
[80/ce5d67] Submitted process > ANCESTRY_ESTIMATION:EXECUTE_TRACE (35)
[64/ae80d4] NOTE: Process `ANCESTRY_ESTIMATION:EXECUTE_TRACE (19)` terminated with an error exit status (137) -- Execution is retried (1)
[c3/046c3c] Submitted process > ANCESTRY_ESTIMATION:EXECUTE_TRACE (2)
[e2/f537e5] NOTE: Process `ANCESTRY_ESTIMATION:EXECUTE_TRACE (8)` terminated with an error exit status (137) -- Execution is retried (1)
[3a/1c5278] Submitted process > ANCESTRY_ESTIMATION:EXECUTE_TRACE (1)
[d8/068d5a] NOTE: Process `ANCESTRY_ESTIMATION:EXECUTE_TRACE (25)` terminated with an error exit status (137) -- Execution is retried (1)
[9f/2845d3] Submitted process > ANCESTRY_ESTIMATION:EXECUTE_TRACE (20)
[80/ce5d67] NOTE: Process `ANCESTRY_ESTIMATION:EXECUTE_TRACE (35)` terminated with an error exit status (137) -- Execution is retried (1)
[2c/a6af21] Submitted process > ANCESTRY_ESTIMATION:EXECUTE_TRACE (29)
[3a/1c5278] NOTE: Process `ANCESTRY_ESTIMATION:EXECUTE_TRACE (1)` terminated with an error exit status (137) -- Execution is retried (1)
[ac/87cc12] Submitted process > ANCESTRY_ESTIMATION:EXECUTE_TRACE (15)
[c3/046c3c] NOTE: Process `ANCESTRY_ESTIMATION:EXECUTE_TRACE (2)` terminated with an error exit status (137) -- Execution is retried (1)
[f9/59e630] Submitted process > ANCESTRY_ESTIMATION:EXECUTE_TRACE (9)
[9f/2845d3] NOTE: Process `ANCESTRY_ESTIMATION:EXECUTE_TRACE (20)` terminated with an error exit status (137) -- Execution is retried (1)
[e6/4f7d92] Submitted process > ANCESTRY_ESTIMATION:EXECUTE_TRACE (4)
[f9/59e630] NOTE: Process `ANCESTRY_ESTIMATION:EXECUTE_TRACE (9)` terminated with an error exit status (137) -- Execution is retried (1)
[ff/573589] Submitted process > ANCESTRY_ESTIMATION:EXECUTE_TRACE (28)
[ac/87cc12] NOTE: Process `ANCESTRY_ESTIMATION:EXECUTE_TRACE (15)` terminated with an error exit status (137) -- Execution is retried (1)
[de/ed8127] Submitted process > ANCESTRY_ESTIMATION:EXECUTE_TRACE (30)
[c0/25a856] Submitted process > ANCESTRY_ESTIMATION:EXECUTE_TRACE (41)
[2c/a6af21] NOTE: Process `ANCESTRY_ESTIMATION:EXECUTE_TRACE (29)` terminated with an error exit status (137) -- Execution is retried (1)
[e6/4f7d92] NOTE: Process `ANCESTRY_ESTIMATION:EXECUTE_TRACE (4)` terminated with an error exit status (137) -- Execution is retried (1)
[bb/901137] Submitted process > ANCESTRY_ESTIMATION:EXECUTE_TRACE (38)
[de/ed8127] NOTE: Process `ANCESTRY_ESTIMATION:EXECUTE_TRACE (30)` terminated with an error exit status (137) -- Execution is retried (1)
[8a/b3c724] Submitted process > ANCESTRY_ESTIMATION:EXECUTE_TRACE (43)
[f6/0c081c] Submitted process > ANCESTRY_ESTIMATION:EXECUTE_TRACE (21)
[ff/573589] NOTE: Process `ANCESTRY_ESTIMATION:EXECUTE_TRACE (28)` terminated with an error exit status (137) -- Execution is retried (1)
[c0/25a856] NOTE: Process `ANCESTRY_ESTIMATION:EXECUTE_TRACE (41)` terminated with an error exit status (137) -- Execution is retried (1)
[b2/a69483] Submitted process > ANCESTRY_ESTIMATION:EXECUTE_TRACE (27)
[bb/901137] NOTE: Process `ANCESTRY_ESTIMATION:EXECUTE_TRACE (38)` terminated with an error exit status (137) -- Execution is retried (1)
[33/1b3fe3] Submitted process > ANCESTRY_ESTIMATION:EXECUTE_TRACE (24)
[b2/a69483] NOTE: Process `ANCESTRY_ESTIMATION:EXECUTE_TRACE (27)` terminated with an error exit status (137) -- Execution is retried (1)
[7b/1f72c6] Submitted process > ANCESTRY_ESTIMATION:EXECUTE_TRACE (7)
[f6/0c081c] NOTE: Process `ANCESTRY_ESTIMATION:EXECUTE_TRACE (21)` terminated with an error exit status (137) -- Execution is retried (1)
[52/486eb5] Submitted process > ANCESTRY_ESTIMATION:EXECUTE_TRACE (42)
[8a/b3c724] NOTE: Process `ANCESTRY_ESTIMATION:EXECUTE_TRACE (43)` terminated with an error exit status (137) -- Execution is retried (1)
[01/5f541c] Submitted process > ANCESTRY_ESTIMATION:EXECUTE_TRACE (40)
[33/1b3fe3] NOTE: Process `ANCESTRY_ESTIMATION:EXECUTE_TRACE (24)` terminated with an error exit status (137) -- Execution is retried (1)
[9f/aca884] Submitted process > ANCESTRY_ESTIMATION:EXECUTE_TRACE (3)
[7b/1f72c6] NOTE: Process `ANCESTRY_ESTIMATION:EXECUTE_TRACE (7)` terminated with an error exit status (137) -- Execution is retried (1)
[2b/ca6b48] Submitted process > ANCESTRY_ESTIMATION:EXECUTE_TRACE (22)
[01/5f541c] NOTE: Process `ANCESTRY_ESTIMATION:EXECUTE_TRACE (40)` terminated with an error exit status (137) -- Execution is retried (1)
[6c/dc00fa] Submitted process > ANCESTRY_ESTIMATION:EXECUTE_TRACE (5)
[52/486eb5] NOTE: Process `ANCESTRY_ESTIMATION:EXECUTE_TRACE (42)` terminated with an error exit status (137) -- Execution is retried (1)
[03/4b42e5] Submitted process > ANCESTRY_ESTIMATION:EXECUTE_TRACE (12)
[61/b68c5f] Submitted process > PHASING:EAGLE (chunk_12_0100000001_0120000000.vcf.gz)
[4d/41679a] Submitted process > PHASING:EAGLE (chunk_1_0200000001_0220000000.vcf.gz)
[f6/4d597a] Submitted process > PHASING:EAGLE (chunk_1_0100000001_0120000000.vcf.gz)
[06/961301] Submitted process > PHASING:EAGLE (chunk_13_0040000001_0060000000.vcf.gz)
[2b/ca6b48] NOTE: Process `ANCESTRY_ESTIMATION:EXECUTE_TRACE (22)` terminated with an error exit status (137) -- Execution is retried (1)
[98/4ac587] Submitted process > ANCESTRY_ESTIMATION:EXECUTE_TRACE (33)
[9f/aca884] NOTE: Process `ANCESTRY_ESTIMATION:EXECUTE_TRACE (3)` terminated with an error exit status (137) -- Execution is retried (1)
[f9/a13b55] Submitted process > ANCESTRY_ESTIMATION:EXECUTE_TRACE (10)
[6a/d133b5] Submitted process > ANCESTRY_ESTIMATION:EXECUTE_TRACE (26)
[6c/dc00fa] NOTE: Process `ANCESTRY_ESTIMATION:EXECUTE_TRACE (5)` terminated with an error exit status (137) -- Execution is retried (1)
[03/4b42e5] NOTE: Process `ANCESTRY_ESTIMATION:EXECUTE_TRACE (12)` terminated with an error exit status (137) -- Execution is retried (1)
[20/e80f99] Submitted process > ANCESTRY_ESTIMATION:EXECUTE_TRACE (39)
[98/4ac587] NOTE: Process `ANCESTRY_ESTIMATION:EXECUTE_TRACE (33)` terminated with an error exit status (137) -- Execution is retried (1)
[79/d74f72] Submitted process > ANCESTRY_ESTIMATION:EXECUTE_TRACE (47)
[f9/a13b55] NOTE: Process `ANCESTRY_ESTIMATION:EXECUTE_TRACE (10)` terminated with an error exit status (137) -- Execution is retried (1)
[15/b976d3] Submitted process > ANCESTRY_ESTIMATION:EXECUTE_TRACE (45)
[a4/bfe00f] Submitted process > ANCESTRY_ESTIMATION:EXECUTE_TRACE (6)
[20/e80f99] NOTE: Process `ANCESTRY_ESTIMATION:EXECUTE_TRACE (39)` terminated with an error exit status (137) -- Execution is retried (1)
[6a/d133b5] NOTE: Process `ANCESTRY_ESTIMATION:EXECUTE_TRACE (26)` terminated with an error exit status (137) -- Execution is retried (1)
[a0/67ad88] Submitted process > ANCESTRY_ESTIMATION:EXECUTE_TRACE (32)
[79/d74f72] NOTE: Process `ANCESTRY_ESTIMATION:EXECUTE_TRACE (47)` terminated with an error exit status (137) -- Execution is retried (1)
[94/f5af4b] Submitted process > ANCESTRY_ESTIMATION:EXECUTE_TRACE (36)
[15/b976d3] NOTE: Process `ANCESTRY_ESTIMATION:EXECUTE_TRACE (45)` terminated with an error exit status (137) -- Execution is retried (1)
[ed/5fff61] Submitted process > ANCESTRY_ESTIMATION:EXECUTE_TRACE (13)
[a4/bfe00f] NOTE: Process `ANCESTRY_ESTIMATION:EXECUTE_TRACE (6)` terminated with an error exit status (137) -- Execution is retried (1)
[76/327edf] Submitted process > ANCESTRY_ESTIMATION:EXECUTE_TRACE (18)
[a0/67ad88] NOTE: Process `ANCESTRY_ESTIMATION:EXECUTE_TRACE (32)` terminated with an error exit status (137) -- Execution is retried (1)
[96/7c655c] Submitted process > ANCESTRY_ESTIMATION:EXECUTE_TRACE (37)
[94/f5af4b] NOTE: Process `ANCESTRY_ESTIMATION:EXECUTE_TRACE (36)` terminated with an error exit status (137) -- Execution is retried (1)
[c2/10f18a] Submitted process > ANCESTRY_ESTIMATION:EXECUTE_TRACE (44)
[ed/5fff61] NOTE: Process `ANCESTRY_ESTIMATION:EXECUTE_TRACE (13)` terminated with an error exit status (137) -- Execution is retried (1)
[e7/1af2ef] Submitted process > ANCESTRY_ESTIMATION:EXECUTE_TRACE (23)
[96/7c655c] NOTE: Process `ANCESTRY_ESTIMATION:EXECUTE_TRACE (37)` terminated with an error exit status (137) -- Execution is retried (1)
[ee/495e2d] Submitted process > ANCESTRY_ESTIMATION:EXECUTE_TRACE (31)
[76/327edf] NOTE: Process `ANCESTRY_ESTIMATION:EXECUTE_TRACE (18)` terminated with an error exit status (137) -- Execution is retried (1)
[75/97aca4] Re-submitted process > ANCESTRY_ESTIMATION:EXECUTE_TRACE (14)
[c2/10f18a] NOTE: Process `ANCESTRY_ESTIMATION:EXECUTE_TRACE (44)` terminated with an error exit status (137) -- Execution is retried (1)
[8e/cd17af] Re-submitted process > ANCESTRY_ESTIMATION:EXECUTE_TRACE (16)
[e7/1af2ef] NOTE: Process `ANCESTRY_ESTIMATION:EXECUTE_TRACE (23)` terminated with an error exit status (137) -- Execution is retried (1)
[21/410cc0] Re-submitted process > ANCESTRY_ESTIMATION:EXECUTE_TRACE (11)
[ee/495e2d] NOTE: Process `ANCESTRY_ESTIMATION:EXECUTE_TRACE (31)` terminated with an error exit status (137) -- Execution is retried (1)
[f6/10496f] Re-submitted process > ANCESTRY_ESTIMATION:EXECUTE_TRACE (34)
[7b/c3672f] Re-submitted process > ANCESTRY_ESTIMATION:EXECUTE_TRACE (17)
[ef/4eba69] Re-submitted process > ANCESTRY_ESTIMATION:EXECUTE_TRACE (46)
[24/91ee6d] Re-submitted process > ANCESTRY_ESTIMATION:EXECUTE_TRACE (19)
[2c/070d1d] Re-submitted process > ANCESTRY_ESTIMATION:EXECUTE_TRACE (8)
[44/3014f3] Submitted process > PHASING:EAGLE (chunk_14_0060000001_0080000000.vcf.gz)
[1c/5726ba] Submitted process > PHASING:EAGLE (chunk_10_0020000001_0040000000.vcf.gz)
[c4/0cc9e8] Re-submitted process > ANCESTRY_ESTIMATION:EXECUTE_TRACE (25)
[6d/8bf0c5] Submitted process > PHASING:EAGLE (chunk_14_0040000001_0060000000.vcf.gz)
[b7/7639df] Re-submitted process > ANCESTRY_ESTIMATION:EXECUTE_TRACE (35)
[42/950861] Re-submitted process > ANCESTRY_ESTIMATION:EXECUTE_TRACE (1)
[2e/9068ef] Re-submitted process > ANCESTRY_ESTIMATION:EXECUTE_TRACE (2)
[12/622778] Submitted process > PHASING:EAGLE (chunk_10_0060000001_0080000000.vcf.gz)
[8e/62d175] Re-submitted process > ANCESTRY_ESTIMATION:EXECUTE_TRACE (20)
[a7/9734a4] Re-submitted process > ANCESTRY_ESTIMATION:EXECUTE_TRACE (9)
[70/ff848e] Re-submitted process > ANCESTRY_ESTIMATION:EXECUTE_TRACE (15)
[f3/9343ed] Re-submitted process > ANCESTRY_ESTIMATION:EXECUTE_TRACE (29)
[3e/b72aca] Re-submitted process > ANCESTRY_ESTIMATION:EXECUTE_TRACE (4)
[00/ccd6de] Re-submitted process > ANCESTRY_ESTIMATION:EXECUTE_TRACE (30)
[c3/d8c4e1] Re-submitted process > ANCESTRY_ESTIMATION:EXECUTE_TRACE (28)
[3d/5c8d39] Re-submitted process > ANCESTRY_ESTIMATION:EXECUTE_TRACE (41)
[12/feacda] Re-submitted process > ANCESTRY_ESTIMATION:EXECUTE_TRACE (38)
[5a/de02a4] Submitted process > PHASING:EAGLE (chunk_17_0060000001_0080000000.vcf.gz)
[a4/43d8cd] Re-submitted process > ANCESTRY_ESTIMATION:EXECUTE_TRACE (27)
[1b/02d385] Re-submitted process > ANCESTRY_ESTIMATION:EXECUTE_TRACE (21)
[f4/e51634] Re-submitted process > ANCESTRY_ESTIMATION:EXECUTE_TRACE (43)
[3a/f77582] Submitted process > PHASING:EAGLE (chunk_16_0040000001_0060000000.vcf.gz)
[00/e5bff7] Submitted process > PHASING:EAGLE (chunk_11_0000000001_0020000000.vcf.gz)
[37/e64e41] Re-submitted process > ANCESTRY_ESTIMATION:EXECUTE_TRACE (24)
[78/1345b5] Submitted process > PHASING:EAGLE (chunk_13_0060000001_0080000000.vcf.gz)
[a6/51eb62] Re-submitted process > ANCESTRY_ESTIMATION:EXECUTE_TRACE (7)
[db/bc29fe] Re-submitted process > ANCESTRY_ESTIMATION:EXECUTE_TRACE (40)
[bb/826e5b] Re-submitted process > ANCESTRY_ESTIMATION:EXECUTE_TRACE (42)
[37/59f0e1] Submitted process > QUALITY_CONTROL:QUALITY_CONTROL_REPORT
[6f/5c09af] Re-submitted process > ANCESTRY_ESTIMATION:EXECUTE_TRACE (22)
[02/4fc6d1] Re-submitted process > ANCESTRY_ESTIMATION:EXECUTE_TRACE (3)
[4b/35c636] Re-submitted process > ANCESTRY_ESTIMATION:EXECUTE_TRACE (5)
[da/f6bd27] Re-submitted process > ANCESTRY_ESTIMATION:EXECUTE_TRACE (12)
[35/64c78e] Submitted process > PHASING:EAGLE (chunk_1_0000000001_0020000000.vcf.gz)
[14/d9c3b8] Re-submitted process > ANCESTRY_ESTIMATION:EXECUTE_TRACE (33)
[a9/559c3d] Re-submitted process > ANCESTRY_ESTIMATION:EXECUTE_TRACE (10)
[8a/4a9935] Re-submitted process > ANCESTRY_ESTIMATION:EXECUTE_TRACE (39)
[f4/e0198b] Re-submitted process > ANCESTRY_ESTIMATION:EXECUTE_TRACE (26)
[f6/4fce87] Re-submitted process > ANCESTRY_ESTIMATION:EXECUTE_TRACE (47)
[43/9361c7] Submitted process > PHASING:EAGLE (chunk_2_0060000001_0080000000.vcf.gz)
[b4/2a9f14] Re-submitted process > ANCESTRY_ESTIMATION:EXECUTE_TRACE (45)
[a8/87d809] Submitted process > PHASING:EAGLE (chunk_10_0100000001_0120000000.vcf.gz)
[ff/9f1384] Re-submitted process > ANCESTRY_ESTIMATION:EXECUTE_TRACE (6)
[d8/e23a41] Re-submitted process > ANCESTRY_ESTIMATION:EXECUTE_TRACE (32)
[89/fbbb07] Re-submitted process > ANCESTRY_ESTIMATION:EXECUTE_TRACE (36)
[ae/0b9bcc] Submitted process > PHASING:EAGLE (chunk_12_0000000001_0020000000.vcf.gz)
[a2/b01397] Re-submitted process > ANCESTRY_ESTIMATION:EXECUTE_TRACE (13)
[ff/cc185a] Re-submitted process > ANCESTRY_ESTIMATION:EXECUTE_TRACE (37)
[99/1800ae] Re-submitted process > ANCESTRY_ESTIMATION:EXECUTE_TRACE (18)
[e7/a98726] Re-submitted process > ANCESTRY_ESTIMATION:EXECUTE_TRACE (44)
[3f/e9d663] Re-submitted process > ANCESTRY_ESTIMATION:EXECUTE_TRACE (23)
[34/24c394] Re-submitted process > ANCESTRY_ESTIMATION:EXECUTE_TRACE (31)
[1c/4f4ac4] Submitted process > PHASING:EAGLE (chunk_14_0020000001_0040000000.vcf.gz)
[64/d22eaa] Submitted process > IMPUTATION:MINIMAC4 (chunk_1_0100000001_0120000000.phased.vcf.gz)
[af/b9b609] Submitted process > IMPUTATION:MINIMAC4 (chunk_13_0040000001_0060000000.phased.vcf.gz)
[c6/a8750b] Submitted process > PHASING:EAGLE (chunk_11_0020000001_0040000000.vcf.gz)
[fd/ce9afe] Submitted process > PHASING:EAGLE (chunk_10_0040000001_0060000000.vcf.gz)
[7f/026154] Submitted process > PHASING:EAGLE (chunk_18_0060000001_0080000000.vcf.gz)
[19/13f6eb] Submitted process > IMPUTATION:MINIMAC4 (chunk_1_0200000001_0220000000.phased.vcf.gz)
[d0/8ae334] Submitted process > PHASING:EAGLE (chunk_14_0100000001_0120000000.vcf.gz)
[e5/c5e9b4] Submitted process > IMPUTATION:MINIMAC4 (chunk_12_0100000001_0120000000.phased.vcf.gz)
[af/a846bd] Submitted process > PHASING:EAGLE (chunk_13_0080000001_0100000000.vcf.gz)
[d0/dc814e] Submitted process > PHASING:EAGLE (chunk_1_0060000001_0080000000.vcf.gz)
[b9/f28e07] Submitted process > PHASING:EAGLE (chunk_12_0040000001_0060000000.vcf.gz)
[a3/6c63f3] Submitted process > IMPUTATION:MINIMAC4 (chunk_10_0020000001_0040000000.phased.vcf.gz)
[56/ffefe0] Submitted process > IMPUTATION:MINIMAC4 (chunk_14_0060000001_0080000000.phased.vcf.gz)
[4c/b9ceb5] Submitted process > PHASING:EAGLE (chunk_13_0020000001_0040000000.vcf.gz)
[fd/06a1d8] Submitted process > PHASING:EAGLE (chunk_17_0000000001_0020000000.vcf.gz)
[58/9ce7f4] Submitted process > PHASING:EAGLE (chunk_16_0020000001_0040000000.vcf.gz)
[f8/8774da] Submitted process > PHASING:EAGLE (chunk_15_0060000001_0080000000.vcf.gz)
[ea/22b3c1] Submitted process > IMPUTATION:MINIMAC4 (chunk_14_0040000001_0060000000.phased.vcf.gz)
[7a/08e07e] Submitted process > IMPUTATION:MINIMAC4 (chunk_10_0060000001_0080000000.phased.vcf.gz)
[74/648dff] Submitted process > PHASING:EAGLE (chunk_21_0040000001_0060000000.vcf.gz)
[3e/e949d8] Submitted process > PHASING:EAGLE (chunk_13_0000000001_0020000000.vcf.gz)
[8a/afba8c] Submitted process > PHASING:EAGLE (chunk_10_0080000001_0100000000.vcf.gz)
[d3/23ba42] Submitted process > PHASING:EAGLE (chunk_1_0080000001_0100000000.vcf.gz)
[b7/dddc45] Submitted process > IMPUTATION:MINIMAC4 (chunk_16_0040000001_0060000000.phased.vcf.gz)
[1e/12f228] Submitted process > IMPUTATION:MINIMAC4 (chunk_17_0060000001_0080000000.phased.vcf.gz)
[0b/18ec72] Submitted process > PHASING:EAGLE (chunk_1_0020000001_0040000000.vcf.gz)
[cf/68dea9] Submitted process > PHASING:EAGLE (chunk_15_0020000001_0040000000.vcf.gz)
[9e/b6a20c] Submitted process > IMPUTATION:MINIMAC4 (chunk_13_0060000001_0080000000.phased.vcf.gz)
[44/bcf1b5] Submitted process > PHASING:EAGLE (chunk_1_0180000001_0200000000.vcf.gz)
[77/be7bae] Submitted process > PHASING:EAGLE (chunk_1_0040000001_0060000000.vcf.gz)
[09/1fdffb] Submitted process > PHASING:EAGLE (chunk_13_0100000001_0120000000.vcf.gz)
[11/b89607] Submitted process > IMPUTATION:MINIMAC4 (chunk_11_0000000001_0020000000.phased.vcf.gz)
[30/0a90ee] Submitted process > PHASING:EAGLE (chunk_11_0120000001_0140000000.vcf.gz)
[6b/ecae45] Submitted process > IMPUTATION:MINIMAC4 (chunk_1_0000000001_0020000000.phased.vcf.gz)
[13/b141a2] Submitted process > PHASING:EAGLE (chunk_1_0240000001_0260000000.vcf.gz)
[2c/0221df] Submitted process > PHASING:EAGLE (chunk_1_0140000001_0160000000.vcf.gz)
[dc/34e87d] Submitted process > PHASING:EAGLE (chunk_1_0120000001_0140000000.vcf.gz)
[f7/5ed2a4] Submitted process > ANCESTRY_ESTIMATION:ESTIMATE_ANCESTRY
[5b/d73ec8] Submitted process > IMPUTATION:MINIMAC4 (chunk_2_0060000001_0080000000.phased.vcf.gz)
[42/b494c0] Submitted process > PHASING:EAGLE (chunk_3_0180000001_0200000000.vcf.gz)
[d9/499397] Submitted process > PHASING:EAGLE (chunk_17_0040000001_0060000000.vcf.gz)
[82/cb7e01] Submitted process > PHASING:EAGLE (chunk_1_0160000001_0180000000.vcf.gz)
[13/a4123f] Submitted process > PHASING:EAGLE (chunk_10_0120000001_0140000000.vcf.gz)
[ad/0862ce] Submitted process > IMPUTATION:MINIMAC4 (chunk_10_0100000001_0120000000.phased.vcf.gz)
[dd/2e8782] Submitted process > IMPUTATION:MINIMAC4 (chunk_12_0000000001_0020000000.phased.vcf.gz)
[9b/c42665] Submitted process > PHASING:EAGLE (chunk_15_0080000001_0100000000.vcf.gz)
[6e/cfb916] Submitted process > PHASING:EAGLE (chunk_11_0040000001_0060000000.vcf.gz)
[ea/4070f7] Submitted process > PGS_CALCULATION:CALCULATE_CHUNKS (chunk_1_0100000001_0120000000.phased.dose.vcf.gz)
[96/871c4b] Submitted process > IMPUTATION:MINIMAC4 (chunk_14_0020000001_0040000000.phased.vcf.gz)
[0f/e9ba6a] Submitted process > PHASING:EAGLE (chunk_18_0020000001_0040000000.vcf.gz)
[97/b2f79d] Submitted process > PHASING:EAGLE (chunk_12_0060000001_0080000000.vcf.gz)
[7a/ffd59b] Submitted process > PHASING:EAGLE (chunk_11_0100000001_0120000000.vcf.gz)
[84/a4eb05] Submitted process > PGS_CALCULATION:CALCULATE_CHUNKS (chunk_13_0040000001_0060000000.phased.dose.vcf.gz)
[ca/1a6562] Submitted process > IMPUTATION:MINIMAC4 (chunk_10_0040000001_0060000000.phased.vcf.gz)
[20/7aafd5] Submitted process > PHASING:EAGLE (chunk_12_0120000001_0140000000.vcf.gz)
[f2/efadbc] Submitted process > IMPUTATION:MINIMAC4 (chunk_11_0020000001_0040000000.phased.vcf.gz)
[f0/0a713c] Submitted process > PHASING:EAGLE (chunk_10_0000000001_0020000000.vcf.gz)
[5c/43b586] Submitted process > PHASING:EAGLE (chunk_16_0060000001_0080000000.vcf.gz)
[cf/5b4a73] Submitted process > IMPUTATION:MINIMAC4 (chunk_14_0100000001_0120000000.phased.vcf.gz)
[69/86d7f7] Submitted process > PHASING:EAGLE (chunk_15_0100000001_0120000000.vcf.gz)
[7a/9b6315] Submitted process > PGS_CALCULATION:CALCULATE_CHUNKS (chunk_1_0200000001_0220000000.phased.dose.vcf.gz)
[5c/20e28d] Submitted process > PGS_CALCULATION:CALCULATE_CHUNKS (chunk_12_0100000001_0120000000.phased.dose.vcf.gz)
[5e/64eba0] Submitted process > PHASING:EAGLE (chunk_11_0080000001_0100000000.vcf.gz)
[92/21f8ad] Submitted process > IMPUTATION:MINIMAC4 (chunk_18_0060000001_0080000000.phased.vcf.gz)
[ed/75a2fb] Submitted process > IMPUTATION:MINIMAC4 (chunk_12_0040000001_0060000000.phased.vcf.gz)
[b3/adf4a7] Submitted process > PHASING:EAGLE (chunk_16_0080000001_0100000000.vcf.gz)
[9f/0b1b8d] Submitted process > PHASING:EAGLE (chunk_17_0020000001_0040000000.vcf.gz)
[f5/2db2f8] Submitted process > PHASING:EAGLE (chunk_12_0080000001_0100000000.vcf.gz)
[ac/717288] Submitted process > IMPUTATION:MINIMAC4 (chunk_13_0080000001_0100000000.phased.vcf.gz)
[7c/4fb439] Submitted process > IMPUTATION:MINIMAC4 (chunk_1_0060000001_0080000000.phased.vcf.gz)
[7b/21a39b] Submitted process > PHASING:EAGLE (chunk_12_0020000001_0040000000.vcf.gz)
[8a/3a1741] Submitted process > PHASING:EAGLE (chunk_5_0120000001_0140000000.vcf.gz)
[12/c0b173] Submitted process > PHASING:EAGLE (chunk_16_0000000001_0020000000.vcf.gz)
[86/894854] Submitted process > PGS_CALCULATION:CALCULATE_CHUNKS (chunk_14_0060000001_0080000000.phased.dose.vcf.gz)
[12/84cb26] Submitted process > PGS_CALCULATION:CALCULATE_CHUNKS (chunk_10_0020000001_0040000000.phased.dose.vcf.gz)
[7e/b898e2] Submitted process > PHASING:EAGLE (chunk_15_0040000001_0060000000.vcf.gz)
[95/3b77ef] Submitted process > IMPUTATION:MINIMAC4 (chunk_16_0020000001_0040000000.phased.vcf.gz)
[03/6923ea] Submitted process > IMPUTATION:MINIMAC4 (chunk_13_0020000001_0040000000.phased.vcf.gz)
[cd/2e0a1b] Submitted process > PHASING:EAGLE (chunk_18_0040000001_0060000000.vcf.gz)
[67/c8d30d] Submitted process > PHASING:EAGLE (chunk_18_0000000001_0020000000.vcf.gz)
[1b/14757c] Submitted process > IMPUTATION:MINIMAC4 (chunk_13_0000000001_0020000000.phased.vcf.gz)
[17/b9a441] Submitted process > IMPUTATION:MINIMAC4 (chunk_17_0000000001_0020000000.phased.vcf.gz)
[d1/6c6418] Submitted process > PHASING:EAGLE (chunk_1_0220000001_0240000000.vcf.gz)
[6f/87dc45] Submitted process > PGS_CALCULATION:CALCULATE_CHUNKS (chunk_14_0040000001_0060000000.phased.dose.vcf.gz)
[1d/2f4081] Submitted process > PGS_CALCULATION:CALCULATE_CHUNKS (chunk_10_0060000001_0080000000.phased.dose.vcf.gz)
[7b/a2238e] Submitted process > IMPUTATION:MINIMAC4 (chunk_21_0040000001_0060000000.phased.vcf.gz)
[e6/4dd687] Submitted process > PHASING:EAGLE (chunk_17_0080000001_0100000000.vcf.gz)
[3a/835378] Submitted process > PHASING:EAGLE (chunk_11_0060000001_0080000000.vcf.gz)
[10/3813fa] Submitted process > PHASING:EAGLE (chunk_14_0080000001_0100000000.vcf.gz)
[62/2f81df] Submitted process > IMPUTATION:MINIMAC4 (chunk_15_0060000001_0080000000.phased.vcf.gz)
[dd/c3abd3] Submitted process > PHASING:EAGLE (chunk_19_0000000001_0020000000.vcf.gz)
[47/8bb3ad] Submitted process > PGS_CALCULATION:CALCULATE_CHUNKS (chunk_16_0040000001_0060000000.phased.dose.vcf.gz)
[5f/247d30] Submitted process > IMPUTATION:MINIMAC4 (chunk_1_0080000001_0100000000.phased.vcf.gz)
[12/94f486] Submitted process > PHASING:EAGLE (chunk_19_0020000001_0040000000.vcf.gz)
[de/8e96f3] Submitted process > IMPUTATION:MINIMAC4 (chunk_10_0080000001_0100000000.phased.vcf.gz)
[9e/28e630] Submitted process > PHASING:EAGLE (chunk_19_0040000001_0060000000.vcf.gz)
[b9/a0361c] Submitted process > PHASING:EAGLE (chunk_2_0000000001_0020000000.vcf.gz)
[ee/73027f] Submitted process > IMPUTATION:MINIMAC4 (chunk_15_0020000001_0040000000.phased.vcf.gz)
[17/09b7a7] Submitted process > PHASING:EAGLE (chunk_2_0080000001_0100000000.vcf.gz)
[72/141dbc] Submitted process > PHASING:EAGLE (chunk_2_0120000001_0140000000.vcf.gz)
[c6/88cf9e] Submitted process > PGS_CALCULATION:CALCULATE_CHUNKS (chunk_17_0060000001_0080000000.phased.dose.vcf.gz)
[82/26ddbb] Submitted process > IMPUTATION:MINIMAC4 (chunk_1_0020000001_0040000000.phased.vcf.gz)
[f3/b021cb] Submitted process > PHASING:EAGLE (chunk_2_0100000001_0120000000.vcf.gz)
[d7/e51ecb] Submitted process > PHASING:EAGLE (chunk_2_0040000001_0060000000.vcf.gz)
[05/f9f7ab] Submitted process > PGS_CALCULATION:CALCULATE_CHUNKS (chunk_13_0060000001_0080000000.phased.dose.vcf.gz)
[4e/623c09] Submitted process > IMPUTATION:MINIMAC4 (chunk_1_0180000001_0200000000.phased.vcf.gz)
[f4/31afdc] Submitted process > PHASING:EAGLE (chunk_2_0020000001_0040000000.vcf.gz)
[bd/68dfdb] Submitted process > PHASING:EAGLE (chunk_2_0140000001_0160000000.vcf.gz)
[dc/ea9cd3] Submitted process > IMPUTATION:MINIMAC4 (chunk_1_0040000001_0060000000.phased.vcf.gz)
[50/57d535] Submitted process > PHASING:EAGLE (chunk_2_0160000001_0180000000.vcf.gz)
[14/65bfd6] Submitted process > IMPUTATION:MINIMAC4 (chunk_13_0100000001_0120000000.phased.vcf.gz)
[41/859782] Submitted process > PHASING:EAGLE (chunk_2_0180000001_0200000000.vcf.gz)
[85/3d65ec] Submitted process > PGS_CALCULATION:CALCULATE_CHUNKS (chunk_11_0000000001_0020000000.phased.dose.vcf.gz)
[7c/1206b3] Submitted process > PHASING:EAGLE (chunk_2_0220000001_0240000000.vcf.gz)
[88/7f1fda] Submitted process > PHASING:EAGLE (chunk_20_0000000001_0020000000.vcf.gz)
[95/84cd4c] Submitted process > ANCESTRY_ESTIMATION:VISUALIZE_ANCESTRY
[de/e7a14e] Submitted process > IMPUTATION:MINIMAC4 (chunk_11_0120000001_0140000000.phased.vcf.gz)
[94/139842] Submitted process > IMPUTATION:MINIMAC4 (chunk_1_0120000001_0140000000.phased.vcf.gz)
[94/244b53] Submitted process > PHASING:EAGLE (chunk_20_0020000001_0040000000.vcf.gz)
[1c/97374a] Submitted process > IMPUTATION:MINIMAC4 (chunk_1_0140000001_0160000000.phased.vcf.gz)
[5e/b06a09] Submitted process > PHASING:EAGLE (chunk_7_0140000001_0160000000.vcf.gz)
[6a/b65a10] Submitted process > IMPUTATION:MINIMAC4 (chunk_1_0240000001_0260000000.phased.vcf.gz)
[8f/039131] Submitted process > PGS_CALCULATION:CALCULATE_CHUNKS (chunk_1_0000000001_0020000000.phased.dose.vcf.gz)
[84/74448a] Submitted process > PGS_CALCULATION:CALCULATE_CHUNKS (chunk_2_0060000001_0080000000.phased.dose.vcf.gz)
[4d/8aef95] Submitted process > IMPUTATION:MINIMAC4 (chunk_17_0040000001_0060000000.phased.vcf.gz)
[9f/28547c] Submitted process > PHASING:EAGLE (chunk_20_0040000001_0060000000.vcf.gz)
[2d/5b51c9] Submitted process > PHASING:EAGLE (chunk_2_0240000001_0260000000.vcf.gz)
[e3/5993b4] Submitted process > IMPUTATION:MINIMAC4 (chunk_3_0180000001_0200000000.phased.vcf.gz)
[de/000b0b] Submitted process > PHASING:EAGLE (chunk_2_0200000001_0220000000.vcf.gz)
[c0/46e262] Submitted process > PHASING:EAGLE (chunk_20_0060000001_0080000000.vcf.gz)
[7e/7aa5bd] Submitted process > PHASING:EAGLE (chunk_21_0000000001_0020000000.vcf.gz)
[55/06f321] Submitted process > PGS_CALCULATION:CALCULATE_CHUNKS (chunk_10_0100000001_0120000000.phased.dose.vcf.gz)
[3f/89bc82] Submitted process > IMPUTATION:MINIMAC4 (chunk_1_0160000001_0180000000.phased.vcf.gz)
[60/c48486] Submitted process > IMPUTATION:MINIMAC4 (chunk_10_0120000001_0140000000.phased.vcf.gz)
[6d/fee68e] Submitted process > PHASING:EAGLE (chunk_21_0020000001_0040000000.vcf.gz)
[9f/833636] Submitted process > PHASING:EAGLE (chunk_22_0000000001_0020000000.vcf.gz)
[8d/89a350] Submitted process > PHASING:EAGLE (chunk_9_0060000001_0080000000.vcf.gz)
[22/9b47a3] Submitted process > PHASING:EAGLE (chunk_22_0040000001_0060000000.vcf.gz)
[ca/960d30] Submitted process > PHASING:EAGLE (chunk_3_0000000001_0020000000.vcf.gz)
[dd/b0539f] Submitted process > PHASING:EAGLE (chunk_22_0020000001_0040000000.vcf.gz)
[b1/7524b2] Submitted process > IMPUTATION:MINIMAC4 (chunk_11_0040000001_0060000000.phased.vcf.gz)
[1e/7fe077] Submitted process > PGS_CALCULATION:CALCULATE_CHUNKS (chunk_12_0000000001_0020000000.phased.dose.vcf.gz)
[83/ff2dbc] Submitted process > IMPUTATION:MINIMAC4 (chunk_18_0020000001_0040000000.phased.vcf.gz)
[65/b1cd2e] Submitted process > PHASING:EAGLE (chunk_3_0020000001_0040000000.vcf.gz)
[9d/66b639] Submitted process > PHASING:EAGLE (chunk_3_0040000001_0060000000.vcf.gz)
[f8/214560] Submitted process > PGS_CALCULATION:CALCULATE_CHUNKS (chunk_14_0020000001_0040000000.phased.dose.vcf.gz)
[e7/04f837] Submitted process > IMPUTATION:MINIMAC4 (chunk_15_0080000001_0100000000.phased.vcf.gz)
[e7/8007a7] Submitted process > IMPUTATION:MINIMAC4 (chunk_12_0060000001_0080000000.phased.vcf.gz)
[ab/0ea27e] Submitted process > PHASING:EAGLE (chunk_3_0060000001_0080000000.vcf.gz)
[6b/9a2e36] Submitted process > PHASING:EAGLE (chunk_3_0080000001_0100000000.vcf.gz)
[e6/3763cb] Submitted process > PHASING:EAGLE (chunk_3_0100000001_0120000000.vcf.gz)
[40/7ecad0] Submitted process > PHASING:EAGLE (chunk_3_0120000001_0140000000.vcf.gz)
[f2/b4268f] Submitted process > PGS_CALCULATION:CALCULATE_CHUNKS (chunk_10_0040000001_0060000000.phased.dose.vcf.gz)
[cc/e6f58f] Submitted process > IMPUTATION:MINIMAC4 (chunk_11_0100000001_0120000000.phased.vcf.gz)
[d9/468c78] Submitted process > PHASING:EAGLE (chunk_3_0140000001_0160000000.vcf.gz)
[82/98e5cd] Submitted process > PGS_CALCULATION:CALCULATE_CHUNKS (chunk_14_0100000001_0120000000.phased.dose.vcf.gz)
[f5/c5ff7e] Submitted process > PGS_CALCULATION:CALCULATE_CHUNKS (chunk_11_0020000001_0040000000.phased.dose.vcf.gz)
[ed/34af1f] Submitted process > IMPUTATION:MINIMAC4 (chunk_12_0120000001_0140000000.phased.vcf.gz)
[c9/16db29] Submitted process > PHASING:EAGLE (chunk_3_0160000001_0180000000.vcf.gz)
[a5/06fe76] Submitted process > IMPUTATION:MINIMAC4 (chunk_15_0100000001_0120000000.phased.vcf.gz)
[41/e89592] Submitted process > PHASING:EAGLE (chunk_4_0000000001_0020000000.vcf.gz)
[3c/b0f090] Submitted process > IMPUTATION:MINIMAC4 (chunk_10_0000000001_0020000000.phased.vcf.gz)
[e8/105936] Submitted process > PHASING:EAGLE (chunk_4_0020000001_0040000000.vcf.gz)
[85/9ff0af] Submitted process > PHASING:EAGLE (chunk_4_0040000001_0060000000.vcf.gz)
[c6/bbd3a1] Submitted process > IMPUTATION:MINIMAC4 (chunk_16_0060000001_0080000000.phased.vcf.gz)
[bf/6af2af] Submitted process > PHASING:EAGLE (chunk_4_0100000001_0120000000.vcf.gz)
[3c/cd73b0] Submitted process > PHASING:EAGLE (chunk_4_0080000001_0100000000.vcf.gz)
[6b/cf1d8b] Submitted process > PGS_CALCULATION:CALCULATE_CHUNKS (chunk_12_0040000001_0060000000.phased.dose.vcf.gz)
[2c/0c8db4] Submitted process > PGS_CALCULATION:CALCULATE_CHUNKS (chunk_18_0060000001_0080000000.phased.dose.vcf.gz)
[38/551b9f] Submitted process > PHASING:EAGLE (chunk_4_0060000001_0080000000.vcf.gz)
[a9/96e4ba] Submitted process > IMPUTATION:MINIMAC4 (chunk_17_0020000001_0040000000.phased.vcf.gz)
[58/c563da] Submitted process > IMPUTATION:MINIMAC4 (chunk_11_0080000001_0100000000.phased.vcf.gz)
[1d/10b2f4] Submitted process > PHASING:EAGLE (chunk_4_0140000001_0160000000.vcf.gz)
[d2/7e501b] Submitted process > PHASING:EAGLE (chunk_4_0120000001_0140000000.vcf.gz)
[56/31f926] Submitted process > IMPUTATION:MINIMAC4 (chunk_16_0080000001_0100000000.phased.vcf.gz)
[16/9a3ceb] Submitted process > PHASING:EAGLE (chunk_4_0180000001_0200000000.vcf.gz)
[01/f7e6b4] Submitted process > PGS_CALCULATION:CALCULATE_CHUNKS (chunk_13_0080000001_0100000000.phased.dose.vcf.gz)
[92/3dde02] Submitted process > IMPUTATION:MINIMAC4 (chunk_12_0080000001_0100000000.phased.vcf.gz)
[7f/d7b514] Submitted process > PHASING:EAGLE (chunk_5_0000000001_0020000000.vcf.gz)
[2f/6b1002] Submitted process > PHASING:EAGLE (chunk_5_0020000001_0040000000.vcf.gz)
[a1/7b98d4] Submitted process > PHASING:EAGLE (chunk_4_0160000001_0180000000.vcf.gz)
[5c/b193e8] Submitted process > PGS_CALCULATION:CALCULATE_CHUNKS (chunk_1_0060000001_0080000000.phased.dose.vcf.gz)
[28/7acf00] Submitted process > IMPUTATION:MINIMAC4 (chunk_12_0020000001_0040000000.phased.vcf.gz)
[ee/2dbce2] Submitted process > PHASING:EAGLE (chunk_5_0060000001_0080000000.vcf.gz)
[d2/86b2b4] Submitted process > IMPUTATION:MINIMAC4 (chunk_5_0120000001_0140000000.phased.vcf.gz)
[6b/7a2a25] Submitted process > PHASING:EAGLE (chunk_5_0040000001_0060000000.vcf.gz)
[cc/56a530] Submitted process > PHASING:EAGLE (chunk_5_0080000001_0100000000.vcf.gz)
[91/844619] Submitted process > PHASING:EAGLE (chunk_5_0100000001_0120000000.vcf.gz)
[82/64613b] Submitted process > PGS_CALCULATION:CALCULATE_CHUNKS (chunk_16_0020000001_0040000000.phased.dose.vcf.gz)
[3c/f9a5d0] Submitted process > PGS_CALCULATION:CALCULATE_CHUNKS (chunk_13_0000000001_0020000000.phased.dose.vcf.gz)
[92/8f687f] Submitted process > IMPUTATION:MINIMAC4 (chunk_16_0000000001_0020000000.phased.vcf.gz)
[03/d9f1ee] Submitted process > PGS_CALCULATION:CALCULATE_CHUNKS (chunk_13_0020000001_0040000000.phased.dose.vcf.gz)
[7a/3698cf] Submitted process > IMPUTATION:MINIMAC4 (chunk_15_0040000001_0060000000.phased.vcf.gz)
[67/3235d6] Submitted process > PHASING:EAGLE (chunk_5_0140000001_0160000000.vcf.gz)
[0b/7d79ec] Submitted process > PHASING:EAGLE (chunk_5_0160000001_0180000000.vcf.gz)
[5d/7ce1e5] Submitted process > PHASING:EAGLE (chunk_5_0180000001_0200000000.vcf.gz)
[b8/d9b772] Submitted process > PHASING:EAGLE (chunk_6_0020000001_0040000000.vcf.gz)
[e8/ab685a] Submitted process > PHASING:EAGLE (chunk_6_0000000001_0020000000.vcf.gz)
[05/2f6792] Submitted process > IMPUTATION:MINIMAC4 (chunk_17_0080000001_0100000000.phased.vcf.gz)
[97/bc32ba] Submitted process > IMPUTATION:MINIMAC4 (chunk_18_0000000001_0020000000.phased.vcf.gz)
[60/fdc026] Submitted process > PHASING:EAGLE (chunk_6_0040000001_0060000000.vcf.gz)
[1f/c2c9e3] Submitted process > PGS_CALCULATION:CALCULATE_CHUNKS (chunk_21_0040000001_0060000000.phased.dose.vcf.gz)
[7f/e3ca18] Submitted process > IMPUTATION:MINIMAC4 (chunk_18_0040000001_0060000000.phased.vcf.gz)
[81/09903e] Submitted process > PHASING:EAGLE (chunk_6_0060000001_0080000000.vcf.gz)
[21/7c09ab] Submitted process > PGS_CALCULATION:CALCULATE_CHUNKS (chunk_17_0000000001_0020000000.phased.dose.vcf.gz)
[d5/2b2aa7] Submitted process > PHASING:EAGLE (chunk_6_0100000001_0120000000.vcf.gz)
[66/93102e] Submitted process > IMPUTATION:MINIMAC4 (chunk_1_0220000001_0240000000.phased.vcf.gz)
[4f/5fb44d] Submitted process > PGS_CALCULATION:CALCULATE_CHUNKS (chunk_15_0060000001_0080000000.phased.dose.vcf.gz)
[f4/cdc35f] Submitted process > PHASING:EAGLE (chunk_6_0080000001_0100000000.vcf.gz)
[94/b58547] Submitted process > PHASING:EAGLE (chunk_6_0120000001_0140000000.vcf.gz)
[78/e65337] Submitted process > IMPUTATION:MINIMAC4 (chunk_11_0060000001_0080000000.phased.vcf.gz)
[1f/45f736] Submitted process > PHASING:EAGLE (chunk_6_0140000001_0160000000.vcf.gz)
[21/61ffe2] Submitted process > PHASING:EAGLE (chunk_7_0040000001_0060000000.vcf.gz)
[1a/0b6ebb] Submitted process > IMPUTATION:MINIMAC4 (chunk_19_0000000001_0020000000.phased.vcf.gz)
[80/a5513b] Submitted process > PHASING:EAGLE (chunk_7_0000000001_0020000000.vcf.gz)
[9b/8315cf] Submitted process > PGS_CALCULATION:CALCULATE_CHUNKS (chunk_1_0080000001_0100000000.phased.dose.vcf.gz)
[ab/e3c723] Submitted process > PHASING:EAGLE (chunk_7_0020000001_0040000000.vcf.gz)
[f7/3b04ee] Submitted process > IMPUTATION:MINIMAC4 (chunk_14_0080000001_0100000000.phased.vcf.gz)
[06/2f4f17] Submitted process > PHASING:EAGLE (chunk_7_0060000001_0080000000.vcf.gz)
[4c/1e0caa] Submitted process > PHASING:EAGLE (chunk_7_0100000001_0120000000.vcf.gz)
[e8/19844d] Submitted process > IMPUTATION:MINIMAC4 (chunk_19_0020000001_0040000000.phased.vcf.gz)
[11/ce3d76] Submitted process > PGS_CALCULATION:CALCULATE_CHUNKS (chunk_10_0080000001_0100000000.phased.dose.vcf.gz)
[97/a3badb] Submitted process > IMPUTATION:MINIMAC4 (chunk_2_0080000001_0100000000.phased.vcf.gz)
[93/e721a6] Submitted process > PHASING:EAGLE (chunk_7_0120000001_0140000000.vcf.gz)
[10/e9f6b4] Submitted process > PHASING:EAGLE (chunk_7_0080000001_0100000000.vcf.gz)
[60/a9b4f3] Submitted process > PHASING:EAGLE (chunk_8_0000000001_0020000000.vcf.gz)
[86/59fca9] Submitted process > PHASING:EAGLE (chunk_6_0160000001_0180000000.vcf.gz)
[8a/2e3f67] Submitted process > IMPUTATION:MINIMAC4 (chunk_19_0040000001_0060000000.phased.vcf.gz)
[41/f6e64e] Submitted process > PGS_CALCULATION:CALCULATE_CHUNKS (chunk_15_0020000001_0040000000.phased.dose.vcf.gz)
[c8/735543] Submitted process > IMPUTATION:MINIMAC4 (chunk_2_0000000001_0020000000.phased.vcf.gz)
[df/0e4a03] Submitted process > PHASING:EAGLE (chunk_8_0020000001_0040000000.vcf.gz)
[d4/2d136f] Submitted process > PHASING:EAGLE (chunk_8_0060000001_0080000000.vcf.gz)
[bf/e374cd] Submitted process > PHASING:EAGLE (chunk_8_0120000001_0140000000.vcf.gz)
[a3/0d7023] Submitted process > IMPUTATION:MINIMAC4 (chunk_2_0120000001_0140000000.phased.vcf.gz)
[23/cc7562] Submitted process > PGS_CALCULATION:CALCULATE_CHUNKS (chunk_1_0020000001_0040000000.phased.dose.vcf.gz)
[fd/a4ffc2] Submitted process > IMPUTATION:MINIMAC4 (chunk_2_0100000001_0120000000.phased.vcf.gz)
[33/deb99e] Submitted process > PHASING:EAGLE (chunk_8_0140000001_0160000000.vcf.gz)
[0b/265ac6] Submitted process > PHASING:EAGLE (chunk_9_0000000001_0020000000.vcf.gz)
[10/293bc4] Submitted process > PHASING:EAGLE (chunk_8_0080000001_0100000000.vcf.gz)
[c6/6f7f6b] Submitted process > PHASING:EAGLE (chunk_8_0040000001_0060000000.vcf.gz)
[9a/d53b52] Submitted process > PGS_CALCULATION:CALCULATE_CHUNKS (chunk_1_0180000001_0200000000.phased.dose.vcf.gz)
[87/53fd52] Submitted process > IMPUTATION:MINIMAC4 (chunk_2_0040000001_0060000000.phased.vcf.gz)
[9c/99cb95] Submitted process > PGS_CALCULATION:CALCULATE_CHUNKS (chunk_1_0040000001_0060000000.phased.dose.vcf.gz)
[af/8054f5] Submitted process > PHASING:EAGLE (chunk_9_0040000001_0060000000.vcf.gz)
[7b/1b40ae] Submitted process > IMPUTATION:MINIMAC4 (chunk_2_0140000001_0160000000.phased.vcf.gz)
[af/568231] Submitted process > PHASING:EAGLE (chunk_8_0100000001_0120000000.vcf.gz)
[4b/128fa7] Submitted process > PHASING:EAGLE (chunk_9_0020000001_0040000000.vcf.gz)
[e5/8540b0] Submitted process > PHASING:EAGLE (chunk_9_0120000001_0140000000.vcf.gz)
[43/a70fc4] Submitted process > IMPUTATION:MINIMAC4 (chunk_2_0020000001_0040000000.phased.vcf.gz)
[e8/ba7ef7] Submitted process > PHASING:EAGLE (chunk_9_0140000001_0160000000.vcf.gz)
[ee/b61314] Submitted process > PGS_CALCULATION:CALCULATE_CHUNKS (chunk_13_0100000001_0120000000.phased.dose.vcf.gz)
[c6/b26386] Submitted process > IMPUTATION:MINIMAC4 (chunk_2_0160000001_0180000000.phased.vcf.gz)
[83/912bf8] Submitted process > PHASING:EAGLE (chunk_9_0080000001_0100000000.vcf.gz)
[43/2a607a] Submitted process > PHASING:EAGLE (chunk_9_0100000001_0120000000.vcf.gz)
[1c/67eb36] Submitted process > PGS_CALCULATION:CALCULATE_CHUNKS (chunk_1_0120000001_0140000000.phased.dose.vcf.gz)
[32/c931ad] Submitted process > IMPUTATION:MINIMAC4 (chunk_2_0180000001_0200000000.phased.vcf.gz)
[84/7fa17a] Submitted process > PGS_CALCULATION:CALCULATE_CHUNKS (chunk_11_0120000001_0140000000.phased.dose.vcf.gz)
[65/9a9b31] Submitted process > PGS_CALCULATION:CALCULATE_CHUNKS (chunk_1_0140000001_0160000000.phased.dose.vcf.gz)
[d4/044870] Submitted process > IMPUTATION:MINIMAC4 (chunk_20_0000000001_0020000000.phased.vcf.gz)
[b1/02378d] Submitted process > IMPUTATION:MINIMAC4 (chunk_20_0020000001_0040000000.phased.vcf.gz)
[b3/a3cd97] Submitted process > PGS_CALCULATION:CALCULATE_CHUNKS (chunk_1_0240000001_0260000000.phased.dose.vcf.gz)
[1a/4a54d3] Submitted process > IMPUTATION:MINIMAC4 (chunk_2_0220000001_0240000000.phased.vcf.gz)
[90/63b0b6] Submitted process > IMPUTATION:MINIMAC4 (chunk_7_0140000001_0160000000.phased.vcf.gz)
[6a/cf41f9] Submitted process > IMPUTATION:MINIMAC4 (chunk_2_0240000001_0260000000.phased.vcf.gz)
[8f/2fabd3] Submitted process > PGS_CALCULATION:CALCULATE_CHUNKS (chunk_17_0040000001_0060000000.phased.dose.vcf.gz)
[c0/1d835f] Submitted process > PGS_CALCULATION:CALCULATE_CHUNKS (chunk_3_0180000001_0200000000.phased.dose.vcf.gz)
[3c/b4a2e5] Submitted process > IMPUTATION:MINIMAC4 (chunk_20_0060000001_0080000000.phased.vcf.gz)
[13/6e4067] Submitted process > IMPUTATION:MINIMAC4 (chunk_21_0000000001_0020000000.phased.vcf.gz)
[65/3fe92a] Submitted process > IMPUTATION:MINIMAC4 (chunk_2_0200000001_0220000000.phased.vcf.gz)
[37/846806] Submitted process > IMPUTATION:MINIMAC4 (chunk_22_0000000001_0020000000.phased.vcf.gz)
[27/80f192] Submitted process > IMPUTATION:MINIMAC4 (chunk_20_0040000001_0060000000.phased.vcf.gz)
[34/fae5fc] Submitted process > IMPUTATION:MINIMAC4 (chunk_9_0060000001_0080000000.phased.vcf.gz)
[77/dc4fc4] Submitted process > PGS_CALCULATION:CALCULATE_CHUNKS (chunk_1_0160000001_0180000000.phased.dose.vcf.gz)
[17/f4674d] Submitted process > PGS_CALCULATION:CALCULATE_CHUNKS (chunk_10_0120000001_0140000000.phased.dose.vcf.gz)
[86/8c4b20] Submitted process > IMPUTATION:MINIMAC4 (chunk_22_0040000001_0060000000.phased.vcf.gz)
[c0/ccacd3] Submitted process > PGS_CALCULATION:CALCULATE_CHUNKS (chunk_11_0040000001_0060000000.phased.dose.vcf.gz)
[f8/f0fa3a] Submitted process > PGS_CALCULATION:CALCULATE_CHUNKS (chunk_18_0020000001_0040000000.phased.dose.vcf.gz)
[94/850632] Submitted process > PGS_CALCULATION:CALCULATE_CHUNKS (chunk_12_0060000001_0080000000.phased.dose.vcf.gz)
[97/031004] Submitted process > PGS_CALCULATION:CALCULATE_CHUNKS (chunk_15_0080000001_0100000000.phased.dose.vcf.gz)
[b2/8505df] Submitted process > IMPUTATION:MINIMAC4 (chunk_21_0020000001_0040000000.phased.vcf.gz)
[3d/e96db9] Submitted process > IMPUTATION:MINIMAC4 (chunk_3_0000000001_0020000000.phased.vcf.gz)
[64/51a640] Submitted process > PGS_CALCULATION:CALCULATE_CHUNKS (chunk_11_0100000001_0120000000.phased.dose.vcf.gz)
[af/f6655a] Submitted process > PGS_CALCULATION:CALCULATE_CHUNKS (chunk_12_0120000001_0140000000.phased.dose.vcf.gz)
[c3/eaf010] Submitted process > PGS_CALCULATION:CALCULATE_CHUNKS (chunk_15_0100000001_0120000000.phased.dose.vcf.gz)
[2b/845d15] Submitted process > PGS_CALCULATION:CALCULATE_CHUNKS (chunk_16_0060000001_0080000000.phased.dose.vcf.gz)
[ea/aec434] Submitted process > PGS_CALCULATION:CALCULATE_CHUNKS (chunk_10_0000000001_0020000000.phased.dose.vcf.gz)
[53/662645] Submitted process > PGS_CALCULATION:CALCULATE_CHUNKS (chunk_17_0020000001_0040000000.phased.dose.vcf.gz)
[a6/fa638e] Submitted process > PGS_CALCULATION:CALCULATE_CHUNKS (chunk_11_0080000001_0100000000.phased.dose.vcf.gz)
[0f/505c10] Submitted process > IMPUTATION:MINIMAC4 (chunk_22_0020000001_0040000000.phased.vcf.gz)
[31/3faaa9] Submitted process > PGS_CALCULATION:CALCULATE_CHUNKS (chunk_16_0080000001_0100000000.phased.dose.vcf.gz)
[94/8bca87] Submitted process > PGS_CALCULATION:CALCULATE_CHUNKS (chunk_12_0080000001_0100000000.phased.dose.vcf.gz)
[06/7bb53e] Submitted process > PGS_CALCULATION:CALCULATE_CHUNKS (chunk_12_0020000001_0040000000.phased.dose.vcf.gz)
[1b/f1d0fe] Submitted process > PGS_CALCULATION:CALCULATE_CHUNKS (chunk_5_0120000001_0140000000.phased.dose.vcf.gz)
[ad/0ccd0b] Submitted process > IMPUTATION:MINIMAC4 (chunk_3_0020000001_0040000000.phased.vcf.gz)
[6f/8b0466] Submitted process > PGS_CALCULATION:CALCULATE_CHUNKS (chunk_15_0040000001_0060000000.phased.dose.vcf.gz)
[b2/638e92] Submitted process > PGS_CALCULATION:CALCULATE_CHUNKS (chunk_17_0080000001_0100000000.phased.dose.vcf.gz)
[ca/ea0582] Submitted process > PGS_CALCULATION:CALCULATE_CHUNKS (chunk_16_0000000001_0020000000.phased.dose.vcf.gz)
[84/420ead] Submitted process > PGS_CALCULATION:CALCULATE_CHUNKS (chunk_18_0000000001_0020000000.phased.dose.vcf.gz)
[20/e9f71a] Submitted process > PGS_CALCULATION:CALCULATE_CHUNKS (chunk_18_0040000001_0060000000.phased.dose.vcf.gz)
[28/511c91] Submitted process > PGS_CALCULATION:CALCULATE_CHUNKS (chunk_1_0220000001_0240000000.phased.dose.vcf.gz)
[f3/4b1af0] Submitted process > IMPUTATION:MINIMAC4 (chunk_3_0040000001_0060000000.phased.vcf.gz)
[e2/cda823] Submitted process > PGS_CALCULATION:CALCULATE_CHUNKS (chunk_11_0060000001_0080000000.phased.dose.vcf.gz)
[43/bb5c45] Submitted process > PGS_CALCULATION:CALCULATE_CHUNKS (chunk_14_0080000001_0100000000.phased.dose.vcf.gz)
[da/048928] Submitted process > PGS_CALCULATION:CALCULATE_CHUNKS (chunk_19_0000000001_0020000000.phased.dose.vcf.gz)
[37/2bb49c] Submitted process > PGS_CALCULATION:CALCULATE_CHUNKS (chunk_2_0080000001_0100000000.phased.dose.vcf.gz)
[b2/d22dc3] Submitted process > PGS_CALCULATION:CALCULATE_CHUNKS (chunk_19_0020000001_0040000000.phased.dose.vcf.gz)
[67/45bc27] Submitted process > PGS_CALCULATION:CALCULATE_CHUNKS (chunk_19_0040000001_0060000000.phased.dose.vcf.gz)
[61/e44ecb] Submitted process > PGS_CALCULATION:CALCULATE_CHUNKS (chunk_2_0000000001_0020000000.phased.dose.vcf.gz)
[55/b2f7dd] Submitted process > IMPUTATION:MINIMAC4 (chunk_3_0080000001_0100000000.phased.vcf.gz)
[18/264352] Submitted process > IMPUTATION:MINIMAC4 (chunk_3_0060000001_0080000000.phased.vcf.gz)
[8e/df5d5c] Submitted process > PGS_CALCULATION:CALCULATE_CHUNKS (chunk_2_0120000001_0140000000.phased.dose.vcf.gz)
[7d/8f6dc5] Submitted process > PGS_CALCULATION:CALCULATE_CHUNKS (chunk_2_0100000001_0120000000.phased.dose.vcf.gz)
[53/0eeb5f] Submitted process > PGS_CALCULATION:CALCULATE_CHUNKS (chunk_2_0140000001_0160000000.phased.dose.vcf.gz)
[00/8ee908] Submitted process > PGS_CALCULATION:CALCULATE_CHUNKS (chunk_2_0040000001_0060000000.phased.dose.vcf.gz)
[d6/5b3797] Submitted process > PGS_CALCULATION:CALCULATE_CHUNKS (chunk_2_0020000001_0040000000.phased.dose.vcf.gz)
[77/084d79] Submitted process > PGS_CALCULATION:CALCULATE_CHUNKS (chunk_2_0160000001_0180000000.phased.dose.vcf.gz)
[52/32b765] Submitted process > PGS_CALCULATION:CALCULATE_CHUNKS (chunk_2_0240000001_0260000000.phased.dose.vcf.gz)
[34/27ae3c] Submitted process > PGS_CALCULATION:CALCULATE_CHUNKS (chunk_2_0180000001_0200000000.phased.dose.vcf.gz)
[c2/172e67] Submitted process > PGS_CALCULATION:CALCULATE_CHUNKS (chunk_20_0060000001_0080000000.phased.dose.vcf.gz)
[d6/d5a3d7] Submitted process > IMPUTATION:MINIMAC4 (chunk_3_0100000001_0120000000.phased.vcf.gz)
[48/555a37] Submitted process > PGS_CALCULATION:CALCULATE_CHUNKS (chunk_20_0000000001_0020000000.phased.dose.vcf.gz)
[0d/5935e9] Submitted process > PGS_CALCULATION:CALCULATE_CHUNKS (chunk_20_0020000001_0040000000.phased.dose.vcf.gz)
[79/e465ac] Submitted process > PGS_CALCULATION:CALCULATE_CHUNKS (chunk_21_0000000001_0020000000.phased.dose.vcf.gz)
[72/7c7aa3] Submitted process > PGS_CALCULATION:CALCULATE_CHUNKS (chunk_22_0000000001_0020000000.phased.dose.vcf.gz)
[42/8168e7] Submitted process > PGS_CALCULATION:CALCULATE_CHUNKS (chunk_2_0220000001_0240000000.phased.dose.vcf.gz)
[e9/19d7e7] Submitted process > PGS_CALCULATION:CALCULATE_CHUNKS (chunk_7_0140000001_0160000000.phased.dose.vcf.gz)
[62/32efb5] Submitted process > PGS_CALCULATION:CALCULATE_CHUNKS (chunk_9_0060000001_0080000000.phased.dose.vcf.gz)
[b0/dfa0eb] Submitted process > PGS_CALCULATION:CALCULATE_CHUNKS (chunk_2_0200000001_0220000000.phased.dose.vcf.gz)
[04/5285ff] Submitted process > PGS_CALCULATION:CALCULATE_CHUNKS (chunk_22_0040000001_0060000000.phased.dose.vcf.gz)
[88/c24975] Submitted process > PGS_CALCULATION:CALCULATE_CHUNKS (chunk_20_0040000001_0060000000.phased.dose.vcf.gz)
[ac/6900f8] Submitted process > IMPUTATION:MINIMAC4 (chunk_3_0120000001_0140000000.phased.vcf.gz)
[42/0e7365] Submitted process > PGS_CALCULATION:CALCULATE_CHUNKS (chunk_21_0020000001_0040000000.phased.dose.vcf.gz)
[97/9b9aa2] Submitted process > IMPUTATION:MINIMAC4 (chunk_3_0140000001_0160000000.phased.vcf.gz)
[57/04c4dd] Submitted process > PGS_CALCULATION:CALCULATE_CHUNKS (chunk_3_0000000001_0020000000.phased.dose.vcf.gz)
[1a/e3f89a] Submitted process > IMPUTATION:MINIMAC4 (chunk_3_0160000001_0180000000.phased.vcf.gz)
[a8/91ae08] Submitted process > PGS_CALCULATION:CALCULATE_CHUNKS (chunk_3_0020000001_0040000000.phased.dose.vcf.gz)
[6e/c96477] Submitted process > IMPUTATION:MINIMAC4 (chunk_4_0040000001_0060000000.phased.vcf.gz)
[01/d92c4c] Submitted process > PGS_CALCULATION:CALCULATE_CHUNKS (chunk_3_0040000001_0060000000.phased.dose.vcf.gz)
[5d/bb3977] Submitted process > IMPUTATION:MINIMAC4 (chunk_4_0000000001_0020000000.phased.vcf.gz)
[44/b58fa0] Submitted process > PGS_CALCULATION:CALCULATE_CHUNKS (chunk_3_0080000001_0100000000.phased.dose.vcf.gz)
[80/4f5717] Submitted process > IMPUTATION:MINIMAC4 (chunk_4_0020000001_0040000000.phased.vcf.gz)
[b5/eb6b08] Submitted process > PGS_CALCULATION:CALCULATE_CHUNKS (chunk_22_0020000001_0040000000.phased.dose.vcf.gz)
[52/d7ac4b] Submitted process > IMPUTATION:MINIMAC4 (chunk_4_0100000001_0120000000.phased.vcf.gz)
[e8/b3e22f] Submitted process > PGS_CALCULATION:CALCULATE_CHUNKS (chunk_3_0060000001_0080000000.phased.dose.vcf.gz)
[82/fc5d9c] Submitted process > IMPUTATION:MINIMAC4 (chunk_4_0080000001_0100000000.phased.vcf.gz)
[a6/afcb09] Submitted process > PGS_CALCULATION:CALCULATE_CHUNKS (chunk_3_0100000001_0120000000.phased.dose.vcf.gz)
[3a/592a01] Submitted process > IMPUTATION:MINIMAC4 (chunk_4_0060000001_0080000000.phased.vcf.gz)
[ad/3e1e31] Submitted process > PGS_CALCULATION:CALCULATE_CHUNKS (chunk_3_0120000001_0140000000.phased.dose.vcf.gz)
[d7/de23fb] Submitted process > IMPUTATION:MINIMAC4 (chunk_4_0140000001_0160000000.phased.vcf.gz)
[8c/13b7b8] Submitted process > PGS_CALCULATION:CALCULATE_CHUNKS (chunk_3_0140000001_0160000000.phased.dose.vcf.gz)
[30/e81907] Submitted process > IMPUTATION:MINIMAC4 (chunk_4_0120000001_0140000000.phased.vcf.gz)
[7d/a74929] Submitted process > PGS_CALCULATION:CALCULATE_CHUNKS (chunk_4_0040000001_0060000000.phased.dose.vcf.gz)
[b8/dec3dc] Submitted process > IMPUTATION:MINIMAC4 (chunk_4_0180000001_0200000000.phased.vcf.gz)
[63/675fb8] Submitted process > PGS_CALCULATION:CALCULATE_CHUNKS (chunk_3_0160000001_0180000000.phased.dose.vcf.gz)
[a4/793161] Submitted process > IMPUTATION:MINIMAC4 (chunk_5_0020000001_0040000000.phased.vcf.gz)
[5a/a62934] Submitted process > PGS_CALCULATION:CALCULATE_CHUNKS (chunk_4_0020000001_0040000000.phased.dose.vcf.gz)
[4a/d0adf4] Submitted process > IMPUTATION:MINIMAC4 (chunk_5_0000000001_0020000000.phased.vcf.gz)
[e2/6934f9] Submitted process > PGS_CALCULATION:CALCULATE_CHUNKS (chunk_4_0100000001_0120000000.phased.dose.vcf.gz)
[19/637762] Submitted process > IMPUTATION:MINIMAC4 (chunk_4_0160000001_0180000000.phased.vcf.gz)
[91/c43cec] Submitted process > PGS_CALCULATION:CALCULATE_CHUNKS (chunk_4_0080000001_0100000000.phased.dose.vcf.gz)
[dc/b96b29] Submitted process > IMPUTATION:MINIMAC4 (chunk_5_0060000001_0080000000.phased.vcf.gz)
[9a/d6f986] Submitted process > PGS_CALCULATION:CALCULATE_CHUNKS (chunk_4_0000000001_0020000000.phased.dose.vcf.gz)
[b4/1eb6f3] Submitted process > IMPUTATION:MINIMAC4 (chunk_5_0040000001_0060000000.phased.vcf.gz)
[4b/148de1] Submitted process > PGS_CALCULATION:CALCULATE_CHUNKS (chunk_4_0180000001_0200000000.phased.dose.vcf.gz)
[ec/ed4260] Submitted process > IMPUTATION:MINIMAC4 (chunk_5_0080000001_0100000000.phased.vcf.gz)
[7a/264234] Submitted process > PGS_CALCULATION:CALCULATE_CHUNKS (chunk_4_0140000001_0160000000.phased.dose.vcf.gz)
[cd/31977e] Submitted process > IMPUTATION:MINIMAC4 (chunk_5_0180000001_0200000000.phased.vcf.gz)
[cc/5271c7] Submitted process > PGS_CALCULATION:CALCULATE_CHUNKS (chunk_4_0060000001_0080000000.phased.dose.vcf.gz)
[61/b97976] Submitted process > IMPUTATION:MINIMAC4 (chunk_5_0100000001_0120000000.phased.vcf.gz)
[c4/019bc7] Submitted process > PGS_CALCULATION:CALCULATE_CHUNKS (chunk_4_0120000001_0140000000.phased.dose.vcf.gz)
[16/112a6a] Submitted process > IMPUTATION:MINIMAC4 (chunk_5_0140000001_0160000000.phased.vcf.gz)
[1e/dd2471] Submitted process > PGS_CALCULATION:CALCULATE_CHUNKS (chunk_5_0180000001_0200000000.phased.dose.vcf.gz)
[93/f2c69b] Submitted process > IMPUTATION:MINIMAC4 (chunk_5_0160000001_0180000000.phased.vcf.gz)
[19/8c0b36] Submitted process > PGS_CALCULATION:CALCULATE_CHUNKS (chunk_5_0020000001_0040000000.phased.dose.vcf.gz)
[74/dde907] Submitted process > IMPUTATION:MINIMAC4 (chunk_6_0040000001_0060000000.phased.vcf.gz)
[56/efec66] Submitted process > PGS_CALCULATION:CALCULATE_CHUNKS (chunk_5_0060000001_0080000000.phased.dose.vcf.gz)
[ee/cbf74d] Submitted process > IMPUTATION:MINIMAC4 (chunk_6_0000000001_0020000000.phased.vcf.gz)
[ea/4d46a7] Submitted process > PGS_CALCULATION:CALCULATE_CHUNKS (chunk_4_0160000001_0180000000.phased.dose.vcf.gz)
[28/1baa5e] Submitted process > IMPUTATION:MINIMAC4 (chunk_6_0060000001_0080000000.phased.vcf.gz)
[f8/c39f49] Submitted process > PGS_CALCULATION:CALCULATE_CHUNKS (chunk_5_0000000001_0020000000.phased.dose.vcf.gz)
[51/4e7bf2] Submitted process > IMPUTATION:MINIMAC4 (chunk_6_0020000001_0040000000.phased.vcf.gz)
[a4/6ccff0] Submitted process > PGS_CALCULATION:CALCULATE_CHUNKS (chunk_5_0040000001_0060000000.phased.dose.vcf.gz)
[b8/04a306] Submitted process > IMPUTATION:MINIMAC4 (chunk_6_0100000001_0120000000.phased.vcf.gz)
[4c/a07d9d] Submitted process > PGS_CALCULATION:CALCULATE_CHUNKS (chunk_5_0080000001_0100000000.phased.dose.vcf.gz)
[a6/207d8e] Submitted process > IMPUTATION:MINIMAC4 (chunk_6_0080000001_0100000000.phased.vcf.gz)
[5e/4cdf76] Submitted process > PGS_CALCULATION:CALCULATE_CHUNKS (chunk_5_0140000001_0160000000.phased.dose.vcf.gz)
[26/89b62a] Submitted process > IMPUTATION:MINIMAC4 (chunk_6_0120000001_0140000000.phased.vcf.gz)
[03/b23061] Submitted process > PGS_CALCULATION:CALCULATE_CHUNKS (chunk_5_0100000001_0120000000.phased.dose.vcf.gz)
[57/7c3fe2] Submitted process > IMPUTATION:MINIMAC4 (chunk_6_0140000001_0160000000.phased.vcf.gz)
[c0/72959e] Submitted process > PGS_CALCULATION:CALCULATE_CHUNKS (chunk_5_0160000001_0180000000.phased.dose.vcf.gz)
[7b/739064] Submitted process > IMPUTATION:MINIMAC4 (chunk_7_0040000001_0060000000.phased.vcf.gz)
[e9/448ec0] Submitted process > PGS_CALCULATION:CALCULATE_CHUNKS (chunk_6_0040000001_0060000000.phased.dose.vcf.gz)
[44/57d298] Submitted process > IMPUTATION:MINIMAC4 (chunk_7_0060000001_0080000000.phased.vcf.gz)
[fa/00daa2] Submitted process > PGS_CALCULATION:CALCULATE_CHUNKS (chunk_6_0060000001_0080000000.phased.dose.vcf.gz)
[73/5bd2b3] Submitted process > IMPUTATION:MINIMAC4 (chunk_7_0000000001_0020000000.phased.vcf.gz)
[bd/fc2019] Submitted process > PGS_CALCULATION:CALCULATE_CHUNKS (chunk_6_0100000001_0120000000.phased.dose.vcf.gz)
[57/fe548a] Submitted process > IMPUTATION:MINIMAC4 (chunk_7_0020000001_0040000000.phased.vcf.gz)
[ad/013aef] Submitted process > PGS_CALCULATION:CALCULATE_CHUNKS (chunk_6_0000000001_0020000000.phased.dose.vcf.gz)
[d9/86a356] Submitted process > IMPUTATION:MINIMAC4 (chunk_7_0100000001_0120000000.phased.vcf.gz)
[75/19ffe4] Submitted process > PGS_CALCULATION:CALCULATE_CHUNKS (chunk_6_0080000001_0100000000.phased.dose.vcf.gz)
[33/b22c68] Submitted process > IMPUTATION:MINIMAC4 (chunk_7_0120000001_0140000000.phased.vcf.gz)
[66/f65b75] Submitted process > PGS_CALCULATION:CALCULATE_CHUNKS (chunk_6_0120000001_0140000000.phased.dose.vcf.gz)
[4f/d97e7d] Submitted process > IMPUTATION:MINIMAC4 (chunk_7_0080000001_0100000000.phased.vcf.gz)
[8c/fb2e28] Submitted process > PGS_CALCULATION:CALCULATE_CHUNKS (chunk_6_0020000001_0040000000.phased.dose.vcf.gz)
[6e/c87af5] Submitted process > IMPUTATION:MINIMAC4 (chunk_6_0160000001_0180000000.phased.vcf.gz)
[c5/5aa4a4] Submitted process > PGS_CALCULATION:CALCULATE_CHUNKS (chunk_7_0040000001_0060000000.phased.dose.vcf.gz)
[48/3f85c2] Submitted process > IMPUTATION:MINIMAC4 (chunk_8_0000000001_0020000000.phased.vcf.gz)
[71/902511] Submitted process > PGS_CALCULATION:CALCULATE_CHUNKS (chunk_6_0140000001_0160000000.phased.dose.vcf.gz)
[9e/a8a878] Submitted process > IMPUTATION:MINIMAC4 (chunk_8_0020000001_0040000000.phased.vcf.gz)
[93/be9837] Submitted process > PGS_CALCULATION:CALCULATE_CHUNKS (chunk_7_0060000001_0080000000.phased.dose.vcf.gz)
[49/e44816] Submitted process > IMPUTATION:MINIMAC4 (chunk_8_0060000001_0080000000.phased.vcf.gz)
[2c/a7632c] Submitted process > PGS_CALCULATION:CALCULATE_CHUNKS (chunk_7_0020000001_0040000000.phased.dose.vcf.gz)
[80/7c0fae] Submitted process > IMPUTATION:MINIMAC4 (chunk_8_0140000001_0160000000.phased.vcf.gz)
[d4/66677b] Submitted process > PGS_CALCULATION:CALCULATE_CHUNKS (chunk_7_0100000001_0120000000.phased.dose.vcf.gz)
[90/bbbc9c] Submitted process > IMPUTATION:MINIMAC4 (chunk_8_0120000001_0140000000.phased.vcf.gz)
[2b/ea9694] Submitted process > PGS_CALCULATION:CALCULATE_CHUNKS (chunk_7_0120000001_0140000000.phased.dose.vcf.gz)
[04/c4c843] Submitted process > IMPUTATION:MINIMAC4 (chunk_9_0040000001_0060000000.phased.vcf.gz)
[51/9acba5] Submitted process > PGS_CALCULATION:CALCULATE_CHUNKS (chunk_7_0080000001_0100000000.phased.dose.vcf.gz)
[09/4f299c] Submitted process > IMPUTATION:MINIMAC4 (chunk_8_0080000001_0100000000.phased.vcf.gz)
[49/49fe03] Submitted process > IMPUTATION:MINIMAC4 (chunk_8_0040000001_0060000000.phased.vcf.gz)
[7d/94a038] Submitted process > PGS_CALCULATION:CALCULATE_CHUNKS (chunk_7_0000000001_0020000000.phased.dose.vcf.gz)
[67/5f492f] Submitted process > PGS_CALCULATION:CALCULATE_CHUNKS (chunk_6_0160000001_0180000000.phased.dose.vcf.gz)
[c3/190660] Submitted process > IMPUTATION:MINIMAC4 (chunk_9_0000000001_0020000000.phased.vcf.gz)
[e6/f0202b] Submitted process > PGS_CALCULATION:CALCULATE_CHUNKS (chunk_9_0040000001_0060000000.phased.dose.vcf.gz)
[a2/766787] Submitted process > IMPUTATION:MINIMAC4 (chunk_8_0100000001_0120000000.phased.vcf.gz)
[1e/bd1fc0] Submitted process > PGS_CALCULATION:CALCULATE_CHUNKS (chunk_8_0140000001_0160000000.phased.dose.vcf.gz)
[d3/8c8c54] Submitted process > IMPUTATION:MINIMAC4 (chunk_9_0140000001_0160000000.phased.vcf.gz)
[8f/256e47] Submitted process > PGS_CALCULATION:CALCULATE_CHUNKS (chunk_8_0020000001_0040000000.phased.dose.vcf.gz)
[64/93e785] Submitted process > IMPUTATION:MINIMAC4 (chunk_9_0020000001_0040000000.phased.vcf.gz)
[07/cd5634] Submitted process > PGS_CALCULATION:CALCULATE_CHUNKS (chunk_9_0140000001_0160000000.phased.dose.vcf.gz)
[b8/dda592] Submitted process > IMPUTATION:MINIMAC4 (chunk_9_0120000001_0140000000.phased.vcf.gz)
[a7/24e824] Submitted process > PGS_CALCULATION:CALCULATE_CHUNKS (chunk_8_0060000001_0080000000.phased.dose.vcf.gz)
[60/1d6182] Submitted process > IMPUTATION:MINIMAC4 (chunk_9_0080000001_0100000000.phased.vcf.gz)
[8d/da18d1] Submitted process > PGS_CALCULATION:CALCULATE_CHUNKS (chunk_8_0040000001_0060000000.phased.dose.vcf.gz)
[97/c76ee0] Submitted process > IMPUTATION:MINIMAC4 (chunk_9_0100000001_0120000000.phased.vcf.gz)
[e4/33abb3] Submitted process > PGS_CALCULATION:CALCULATE_CHUNKS (chunk_8_0080000001_0100000000.phased.dose.vcf.gz)
[a9/efa1eb] Submitted process > PGS_CALCULATION:CALCULATE_CHUNKS (chunk_8_0120000001_0140000000.phased.dose.vcf.gz)
[d4/667367] Submitted process > PGS_CALCULATION:CALCULATE_CHUNKS (chunk_8_0100000001_0120000000.phased.dose.vcf.gz)
[1e/b20061] Submitted process > PGS_CALCULATION:CALCULATE_CHUNKS (chunk_8_0000000001_0020000000.phased.dose.vcf.gz)
[65/56b748] Submitted process > PGS_CALCULATION:CALCULATE_CHUNKS (chunk_9_0000000001_0020000000.phased.dose.vcf.gz)
[74/62a7a6] Submitted process > PGS_CALCULATION:CALCULATE_CHUNKS (chunk_9_0020000001_0040000000.phased.dose.vcf.gz)
[b7/268dde] Submitted process > PGS_CALCULATION:CALCULATE_CHUNKS (chunk_9_0120000001_0140000000.phased.dose.vcf.gz)
[67/70cee9] Submitted process > PGS_CALCULATION:CALCULATE_CHUNKS (chunk_9_0080000001_0100000000.phased.dose.vcf.gz)
[40/a91860] Submitted process > PGS_CALCULATION:CALCULATE_CHUNKS (chunk_9_0100000001_0120000000.phased.dose.vcf.gz)
[e7/7816b7] Submitted process > PGS_CALCULATION:MERGE_CHUNKS_INFOS
[ca/4341d7] Submitted process > PGS_CALCULATION:MERGE_CHUNKS_SCORES
[47/635bde] Submitted process > PGS_CALCULATION:CREATE_HTML_REPORT
::submit-counter name=samples::
::submit-counter name=genotypes::
::submit-counter name=chromosomes::
::submit-counter name=runs::
::set-value-and-submit name=reference_panel::1000g-phase-3-v5-public
::set-value-and-submit name=phasing_engine::eagle
::set-value-and-submit name=genome_build::hg19
ERROR ~ Failed to invoke `workflow.onComplete` event handler

 -- Check script '/media/volume/PGS-Server-Storage/pgscalcserver/apps/imputationserver2-pgs/2.0.12/main.nf' at line: 199 or see '/media/volume/PGS-Server-Storage/pgscalcserver/workspace/job-20260918-100456-233/logs/step1-nextflow.log' file for more details
